List or relations
 Catalog | Schema   | Name   | Type       | Size | Comment 
---------+----------+--------+------------+------+---------
 tpch    | sf1      | orders | BASE TABLE |      |         
 tpch    | sf100    | orders | BASE TABLE |      |         
 tpch    | sf1000   | orders | BASE TABLE |      |         
 tpch    | sf10000  | orders | BASE TABLE |      |         
 tpch    | sf100000 | orders | BASE TABLE |      |         
 tpch    | sf300    | orders | BASE TABLE |      |         
 tpch    | sf3000   | orders | BASE TABLE |      |         
 tpch    | sf30000  | orders | BASE TABLE |      |         
 tpch    | tiny     | orders | BASE TABLE |      |         
(9 rows)

